<?xml version="1.0" encoding="ISO-8859-1" ?>
<link_info>
   <banner>TI ARM Linker PC v18.12.4.LTS</banner>
   <copyright>Copyright (c) 1996-2018 Texas Instruments Incorporated</copyright>
   <link_time>0x5ecfc8f8</link_time>
   <link_errors>0x0</link_errors>
   <output_file>CHICO.out</output_file>
   <entry_point>
      <name>_c_int00_noargs</name>
      <address>0x1909</address>
   </entry_point>
   <input_file_list>
      <input_file id="fl-2">
         <path>.\</path>
         <kind>object</kind>
         <file>ADC.obj</file>
         <name>ADC.obj</name>
      </input_file>
      <input_file id="fl-3">
         <path>.\</path>
         <kind>object</kind>
         <file>Comunicacao.obj</file>
         <name>Comunicacao.obj</name>
      </input_file>
      <input_file id="fl-4">
         <path>.\</path>
         <kind>object</kind>
         <file>main.obj</file>
         <name>main.obj</name>
      </input_file>
      <input_file id="fl-5">
         <path>.\</path>
         <kind>object</kind>
         <file>nrf24l01.obj</file>
         <name>nrf24l01.obj</name>
      </input_file>
      <input_file id="fl-6">
         <path>.\</path>
         <kind>object</kind>
         <file>protocolo.obj</file>
         <name>protocolo.obj</name>
      </input_file>
      <input_file id="fl-7">
         <path>.\</path>
         <kind>object</kind>
         <file>setup.obj</file>
         <name>setup.obj</name>
      </input_file>
      <input_file id="fl-8">
         <path>.\</path>
         <kind>object</kind>
         <file>setup_tiva.obj</file>
         <name>setup_tiva.obj</name>
      </input_file>
      <input_file id="fl-9">
         <path>.\</path>
         <kind>object</kind>
         <file>tm4c123gh6pm_startup_ccs.obj</file>
         <name>tm4c123gh6pm_startup_ccs.obj</name>
      </input_file>
      <input_file id="fl-e">
         <kind>object</kind>
         <file>&lt;internal&gt;</file>
         <name>&lt;internal&gt;</name>
      </input_file>
      <input_file id="fl-f">
         <path>C:\Users\Cristiano Pontes\ti\Tivaware_C_Series-1.1\Tivaware-master\driverlib\ccs\Debug\</path>
         <kind>archive</kind>
         <file>driverlib.lib</file>
         <name>uart.obj</name>
      </input_file>
      <input_file id="fl-10">
         <path>C:\Users\Cristiano Pontes\ti\Tivaware_C_Series-1.1\Tivaware-master\driverlib\ccs\Debug\</path>
         <kind>archive</kind>
         <file>driverlib.lib</file>
         <name>timer.obj</name>
      </input_file>
      <input_file id="fl-11">
         <path>C:\Users\Cristiano Pontes\ti\Tivaware_C_Series-1.1\Tivaware-master\driverlib\ccs\Debug\</path>
         <kind>archive</kind>
         <file>driverlib.lib</file>
         <name>sysctl.obj</name>
      </input_file>
      <input_file id="fl-12">
         <path>C:\Users\Cristiano Pontes\ti\Tivaware_C_Series-1.1\Tivaware-master\driverlib\ccs\Debug\</path>
         <kind>archive</kind>
         <file>driverlib.lib</file>
         <name>ssi.obj</name>
      </input_file>
      <input_file id="fl-13">
         <path>C:\Users\Cristiano Pontes\ti\Tivaware_C_Series-1.1\Tivaware-master\driverlib\ccs\Debug\</path>
         <kind>archive</kind>
         <file>driverlib.lib</file>
         <name>pwm.obj</name>
      </input_file>
      <input_file id="fl-14">
         <path>C:\Users\Cristiano Pontes\ti\Tivaware_C_Series-1.1\Tivaware-master\driverlib\ccs\Debug\</path>
         <kind>archive</kind>
         <file>driverlib.lib</file>
         <name>interrupt.obj</name>
      </input_file>
      <input_file id="fl-15">
         <path>C:\Users\Cristiano Pontes\ti\Tivaware_C_Series-1.1\Tivaware-master\driverlib\ccs\Debug\</path>
         <kind>archive</kind>
         <file>driverlib.lib</file>
         <name>gpio.obj</name>
      </input_file>
      <input_file id="fl-16">
         <path>C:\Users\Cristiano Pontes\ti\Tivaware_C_Series-1.1\Tivaware-master\driverlib\ccs\Debug\</path>
         <kind>archive</kind>
         <file>driverlib.lib</file>
         <name>fpu.obj</name>
      </input_file>
      <input_file id="fl-17">
         <path>C:\Users\Cristiano Pontes\ti\Tivaware_C_Series-1.1\Tivaware-master\driverlib\ccs\Debug\</path>
         <kind>archive</kind>
         <file>driverlib.lib</file>
         <name>cpu.obj</name>
      </input_file>
      <input_file id="fl-18">
         <path>C:\Users\Cristiano Pontes\ti\Tivaware_C_Series-1.1\Tivaware-master\driverlib\ccs\Debug\</path>
         <kind>archive</kind>
         <file>driverlib.lib</file>
         <name>adc.obj</name>
      </input_file>
      <input_file id="fl-ce">
         <path>C:\Users\Cristiano Pontes\Desktop\ccs\ccs\tools\compiler\ti-cgt-arm_18.12.4.LTS\lib\</path>
         <kind>archive</kind>
         <file>rtsv7M4_T_le_v4SPD16_eabi.lib</file>
         <name>fd_mul_t2.asm.obj</name>
      </input_file>
      <input_file id="fl-cf">
         <path>C:\Users\Cristiano Pontes\Desktop\ccs\ccs\tools\compiler\ti-cgt-arm_18.12.4.LTS\lib\</path>
         <kind>archive</kind>
         <file>rtsv7M4_T_le_v4SPD16_eabi.lib</file>
         <name>fd_tou_t2.asm.obj</name>
      </input_file>
      <input_file id="fl-d0">
         <path>C:\Users\Cristiano Pontes\Desktop\ccs\ccs\tools\compiler\ti-cgt-arm_18.12.4.LTS\lib\</path>
         <kind>archive</kind>
         <file>rtsv7M4_T_le_v4SPD16_eabi.lib</file>
         <name>memcpy_t2.asm.obj</name>
      </input_file>
      <input_file id="fl-d1">
         <path>C:\Users\Cristiano Pontes\Desktop\ccs\ccs\tools\compiler\ti-cgt-arm_18.12.4.LTS\lib\</path>
         <kind>archive</kind>
         <file>rtsv7M4_T_le_v4SPD16_eabi.lib</file>
         <name>u_tofd_t2.asm.obj</name>
      </input_file>
      <input_file id="fl-d2">
         <path>C:\Users\Cristiano Pontes\Desktop\ccs\ccs\tools\compiler\ti-cgt-arm_18.12.4.LTS\lib\</path>
         <kind>archive</kind>
         <file>rtsv7M4_T_le_v4SPD16_eabi.lib</file>
         <name>copy_zero_init.c.obj</name>
      </input_file>
      <input_file id="fl-d3">
         <path>C:\Users\Cristiano Pontes\Desktop\ccs\ccs\tools\compiler\ti-cgt-arm_18.12.4.LTS\lib\</path>
         <kind>archive</kind>
         <file>rtsv7M4_T_le_v4SPD16_eabi.lib</file>
         <name>copy_decompress_none.c.obj</name>
      </input_file>
      <input_file id="fl-d4">
         <path>C:\Users\Cristiano Pontes\Desktop\ccs\ccs\tools\compiler\ti-cgt-arm_18.12.4.LTS\lib\</path>
         <kind>archive</kind>
         <file>rtsv7M4_T_le_v4SPD16_eabi.lib</file>
         <name>copy_decompress_lzss.c.obj</name>
      </input_file>
      <input_file id="fl-d5">
         <path>C:\Users\Cristiano Pontes\Desktop\ccs\ccs\tools\compiler\ti-cgt-arm_18.12.4.LTS\lib\</path>
         <kind>archive</kind>
         <file>rtsv7M4_T_le_v4SPD16_eabi.lib</file>
         <name>boot_cortex_m.c.obj</name>
      </input_file>
      <input_file id="fl-d6">
         <path>C:\Users\Cristiano Pontes\Desktop\ccs\ccs\tools\compiler\ti-cgt-arm_18.12.4.LTS\lib\</path>
         <kind>archive</kind>
         <file>rtsv7M4_T_le_v4SPD16_eabi.lib</file>
         <name>memset_t2.asm.obj</name>
      </input_file>
      <input_file id="fl-d7">
         <path>C:\Users\Cristiano Pontes\Desktop\ccs\ccs\tools\compiler\ti-cgt-arm_18.12.4.LTS\lib\</path>
         <kind>archive</kind>
         <file>rtsv7M4_T_le_v4SPD16_eabi.lib</file>
         <name>autoinit.c.obj</name>
      </input_file>
      <input_file id="fl-d8">
         <path>C:\Users\Cristiano Pontes\Desktop\ccs\ccs\tools\compiler\ti-cgt-arm_18.12.4.LTS\lib\</path>
         <kind>archive</kind>
         <file>rtsv7M4_T_le_v4SPD16_eabi.lib</file>
         <name>pre_init.c.obj</name>
      </input_file>
      <input_file id="fl-d9">
         <path>C:\Users\Cristiano Pontes\Desktop\ccs\ccs\tools\compiler\ti-cgt-arm_18.12.4.LTS\lib\</path>
         <kind>archive</kind>
         <file>rtsv7M4_T_le_v4SPD16_eabi.lib</file>
         <name>cpy_tbl.c.obj</name>
      </input_file>
      <input_file id="fl-da">
         <path>C:\Users\Cristiano Pontes\Desktop\ccs\ccs\tools\compiler\ti-cgt-arm_18.12.4.LTS\lib\</path>
         <kind>archive</kind>
         <file>rtsv7M4_T_le_v4SPD16_eabi.lib</file>
         <name>exit.c.obj</name>
      </input_file>
      <input_file id="fl-db">
         <path>C:\Users\Cristiano Pontes\Desktop\ccs\ccs\tools\compiler\ti-cgt-arm_18.12.4.LTS\lib\</path>
         <kind>archive</kind>
         <file>rtsv7M4_T_le_v4SPD16_eabi.lib</file>
         <name>_lock.c.obj</name>
      </input_file>
      <input_file id="fl-dc">
         <path>C:\Users\Cristiano Pontes\Desktop\ccs\ccs\tools\compiler\ti-cgt-arm_18.12.4.LTS\lib\</path>
         <kind>archive</kind>
         <file>rtsv7M4_T_le_v4SPD16_eabi.lib</file>
         <name>args_main.c.obj</name>
      </input_file>
   </input_file_list>
   <object_component_list>
      <object_component id="oc-f">
         <name>.intvecs</name>
         <load_address>0x0</load_address>
         <run_address>0x0</run_address>
         <size>0x26c</size>
         <input_file_ref idref="fl-9"/>
      </object_component>
      <object_component id="oc-c8">
         <name>.text</name>
         <load_address>0x26c</load_address>
         <run_address>0x26c</run_address>
         <size>0x970</size>
         <input_file_ref idref="fl-5"/>
      </object_component>
      <object_component id="oc-ce">
         <name>.text</name>
         <load_address>0xbdc</load_address>
         <run_address>0xbdc</run_address>
         <size>0x1f0</size>
         <input_file_ref idref="fl-6"/>
      </object_component>
      <object_component id="oc-2a">
         <name>.text</name>
         <load_address>0xdcc</load_address>
         <run_address>0xdcc</run_address>
         <size>0x180</size>
         <input_file_ref idref="fl-4"/>
      </object_component>
      <object_component id="oc-26c">
         <name>.text:GPIOPadConfigSet</name>
         <load_address>0xf4c</load_address>
         <run_address>0xf4c</run_address>
         <size>0x130</size>
         <input_file_ref idref="fl-15"/>
      </object_component>
      <object_component id="oc-9b">
         <name>.text:SysCtlClockGet</name>
         <load_address>0x107c</load_address>
         <run_address>0x107c</run_address>
         <size>0x118</size>
         <input_file_ref idref="fl-11"/>
      </object_component>
      <object_component id="oc-a6">
         <name>.text</name>
         <load_address>0x1194</load_address>
         <run_address>0x1194</run_address>
         <size>0xfc</size>
         <input_file_ref idref="fl-ce"/>
      </object_component>
      <object_component id="oc-12a">
         <name>.text:SysCtlClockSet</name>
         <load_address>0x1290</load_address>
         <run_address>0x1290</run_address>
         <size>0xf0</size>
         <input_file_ref idref="fl-11"/>
      </object_component>
      <object_component id="oc-7d">
         <name>.text</name>
         <load_address>0x1380</load_address>
         <run_address>0x1380</run_address>
         <size>0xcc</size>
         <input_file_ref idref="fl-7"/>
      </object_component>
      <object_component id="oc-83">
         <name>.text</name>
         <load_address>0x144c</load_address>
         <run_address>0x144c</run_address>
         <size>0xb8</size>
         <input_file_ref idref="fl-2"/>
      </object_component>
      <object_component id="oc-3e">
         <name>.text</name>
         <load_address>0x1504</load_address>
         <run_address>0x1504</run_address>
         <size>0x9c</size>
         <input_file_ref idref="fl-d0"/>
      </object_component>
      <object_component id="oc-179">
         <name>.text:ADCSequenceStepConfigure</name>
         <load_address>0x15a0</load_address>
         <run_address>0x15a0</run_address>
         <size>0x80</size>
         <input_file_ref idref="fl-18"/>
      </object_component>
      <object_component id="oc-12">
         <name>.text:decompress:lzss:__TI_decompress_lzss</name>
         <load_address>0x1620</load_address>
         <run_address>0x1620</run_address>
         <size>0x68</size>
         <input_file_ref idref="fl-d4"/>
      </object_component>
      <object_component id="oc-b6">
         <name>.text:IntEnable</name>
         <load_address>0x1688</load_address>
         <run_address>0x1688</run_address>
         <size>0x60</size>
         <input_file_ref idref="fl-14"/>
      </object_component>
      <object_component id="oc-95">
         <name>.text:TimerConfigure</name>
         <load_address>0x16e8</load_address>
         <run_address>0x16e8</run_address>
         <size>0x5c</size>
         <input_file_ref idref="fl-10"/>
      </object_component>
      <object_component id="oc-13c">
         <name>.text:GPIOPinConfigure</name>
         <load_address>0x1744</load_address>
         <run_address>0x1744</run_address>
         <size>0x48</size>
         <input_file_ref idref="fl-15"/>
      </object_component>
      <object_component id="oc-239">
         <name>.text:__TI_auto_init_nobinit_nopinit:__TI_auto_init_nobinit_nopinit</name>
         <load_address>0x178c</load_address>
         <run_address>0x178c</run_address>
         <size>0x44</size>
         <input_file_ref idref="fl-d7"/>
      </object_component>
      <object_component id="oc-ab">
         <name>.text</name>
         <load_address>0x17d0</load_address>
         <run_address>0x17d0</run_address>
         <size>0x44</size>
         <input_file_ref idref="fl-cf"/>
      </object_component>
      <object_component id="oc-1e2">
         <name>.text:SSIConfigSetExpClk</name>
         <load_address>0x1814</load_address>
         <run_address>0x1814</run_address>
         <size>0x42</size>
         <input_file_ref idref="fl-12"/>
      </object_component>
      <object_component id="oc-160">
         <name>.text:UARTConfigSetExpClk</name>
         <load_address>0x1856</load_address>
         <run_address>0x1856</run_address>
         <size>0x40</size>
         <input_file_ref idref="fl-f"/>
      </object_component>
      <object_component id="oc-173">
         <name>.text:ADCSequenceConfigure</name>
         <load_address>0x1896</load_address>
         <run_address>0x1896</run_address>
         <size>0x3e</size>
         <input_file_ref idref="fl-18"/>
      </object_component>
      <object_component id="oc-8f">
         <name>.text:SysCtlPeripheralEnable</name>
         <load_address>0x18d4</load_address>
         <run_address>0x18d4</run_address>
         <size>0x34</size>
         <input_file_ref idref="fl-11"/>
      </object_component>
      <object_component id="oc-5c">
         <name>.text:_c_int00_noargs:_c_int00_noargs</name>
         <load_address>0x1908</load_address>
         <run_address>0x1908</run_address>
         <size>0x34</size>
         <input_file_ref idref="fl-d5"/>
      </object_component>
      <object_component id="oc-191">
         <name>.text:ADCIntStatus</name>
         <load_address>0x193c</load_address>
         <run_address>0x193c</run_address>
         <size>0x2e</size>
         <input_file_ref idref="fl-18"/>
      </object_component>
      <object_component id="oc-272">
         <name>.text:GPIODirModeSet</name>
         <load_address>0x196a</load_address>
         <run_address>0x196a</run_address>
         <size>0x2a</size>
         <input_file_ref idref="fl-15"/>
      </object_component>
      <object_component id="oc-148">
         <name>.text:PWMGenConfigure</name>
         <load_address>0x1994</load_address>
         <run_address>0x1994</run_address>
         <size>0x22</size>
         <input_file_ref idref="fl-13"/>
      </object_component>
      <object_component id="oc-a1">
         <name>.text</name>
         <load_address>0x19b6</load_address>
         <run_address>0x19b6</run_address>
         <size>0x20</size>
         <input_file_ref idref="fl-d1"/>
      </object_component>
      <object_component id="oc-197">
         <name>.text:ADCSequenceDataGet</name>
         <load_address>0x19d6</load_address>
         <run_address>0x19d6</run_address>
         <size>0x1e</size>
         <input_file_ref idref="fl-18"/>
      </object_component>
      <object_component id="oc-1fe">
         <name>.text:PWMPulseWidthSet</name>
         <load_address>0x19f4</load_address>
         <run_address>0x19f4</run_address>
         <size>0x1e</size>
         <input_file_ref idref="fl-13"/>
      </object_component>
      <object_component id="oc-284">
         <name>.text:UARTDisable</name>
         <load_address>0x1a14</load_address>
         <run_address>0x1a14</run_address>
         <size>0x1c</size>
         <input_file_ref idref="fl-f"/>
      </object_component>
      <object_component id="oc-4a">
         <name>.text:decompress:ZI:__TI_zero_init_nomemset:__TI_zero_init_nomemset</name>
         <load_address>0x1a30</load_address>
         <run_address>0x1a30</run_address>
         <size>0x1c</size>
         <input_file_ref idref="fl-d2"/>
      </object_component>
      <object_component id="oc-130">
         <name>.text:GPIOPinTypeGPIOOutput</name>
         <load_address>0x1a4c</load_address>
         <run_address>0x1a4c</run_address>
         <size>0x18</size>
         <input_file_ref idref="fl-15"/>
      </object_component>
      <object_component id="oc-18b">
         <name>.text:ADCProcessorTrigger</name>
         <load_address>0x1a64</load_address>
         <run_address>0x1a64</run_address>
         <size>0x16</size>
         <input_file_ref idref="fl-18"/>
      </object_component>
      <object_component id="oc-136">
         <name>.text:SysCtlPWMClockSet</name>
         <load_address>0x1a7c</load_address>
         <run_address>0x1a7c</run_address>
         <size>0x14</size>
         <input_file_ref idref="fl-11"/>
      </object_component>
      <object_component id="oc-28a">
         <name>.text:UARTEnable</name>
         <load_address>0x1a90</load_address>
         <run_address>0x1a90</run_address>
         <size>0x14</size>
         <input_file_ref idref="fl-f"/>
      </object_component>
      <object_component id="oc-167">
         <name>.text:GPIOPinTypeADC</name>
         <load_address>0x1aa4</load_address>
         <run_address>0x1aa4</run_address>
         <size>0x12</size>
         <input_file_ref idref="fl-15"/>
      </object_component>
      <object_component id="oc-142">
         <name>.text:GPIOPinTypePWM</name>
         <load_address>0x1ab6</load_address>
         <run_address>0x1ab6</run_address>
         <size>0x12</size>
         <input_file_ref idref="fl-15"/>
      </object_component>
      <object_component id="oc-1dc">
         <name>.text:GPIOPinTypeSSI</name>
         <load_address>0x1ac8</load_address>
         <run_address>0x1ac8</run_address>
         <size>0x12</size>
         <input_file_ref idref="fl-15"/>
      </object_component>
      <object_component id="oc-15a">
         <name>.text:PWMOutputState</name>
         <load_address>0x1ada</load_address>
         <run_address>0x1ada</run_address>
         <size>0x12</size>
         <input_file_ref idref="fl-13"/>
      </object_component>
      <object_component id="oc-1d5">
         <name>.text:SSIDataGetNonBlocking</name>
         <load_address>0x1aec</load_address>
         <run_address>0x1aec</run_address>
         <size>0x12</size>
         <input_file_ref idref="fl-12"/>
      </object_component>
      <object_component id="oc-b0">
         <name>.text:TimerLoadSet</name>
         <load_address>0x1afe</load_address>
         <run_address>0x1afe</run_address>
         <size>0x12</size>
         <input_file_ref idref="fl-10"/>
      </object_component>
      <object_component id="oc-77">
         <name>.text:FPUEnable</name>
         <load_address>0x1b10</load_address>
         <run_address>0x1b10</run_address>
         <size>0x10</size>
         <input_file_ref idref="fl-16"/>
      </object_component>
      <object_component id="oc-71">
         <name>.text:FPULazyStackingEnable</name>
         <load_address>0x1b20</load_address>
         <run_address>0x1b20</run_address>
         <size>0x10</size>
         <input_file_ref idref="fl-16"/>
      </object_component>
      <object_component id="oc-14e">
         <name>.text:PWMGenPeriodSet</name>
         <load_address>0x1b30</load_address>
         <run_address>0x1b30</run_address>
         <size>0x10</size>
         <input_file_ref idref="fl-13"/>
      </object_component>
      <object_component id="oc-16d">
         <name>.text:ADCSequenceDisable</name>
         <load_address>0x1b40</load_address>
         <run_address>0x1b40</run_address>
         <size>0xe</size>
         <input_file_ref idref="fl-18"/>
      </object_component>
      <object_component id="oc-17f">
         <name>.text:ADCSequenceEnable</name>
         <load_address>0x1b4e</load_address>
         <run_address>0x1b4e</run_address>
         <size>0xe</size>
         <input_file_ref idref="fl-18"/>
      </object_component>
      <object_component id="oc-c2">
         <name>.text:TimerEnable</name>
         <load_address>0x1b5c</load_address>
         <run_address>0x1b5c</run_address>
         <size>0xe</size>
         <input_file_ref idref="fl-10"/>
      </object_component>
      <object_component id="oc-18">
         <name>.text:decompress:none:__TI_decompress_none</name>
         <load_address>0x1b6a</load_address>
         <run_address>0x1b6a</run_address>
         <size>0xe</size>
         <input_file_ref idref="fl-d3"/>
      </object_component>
      <object_component id="oc-19f">
         <name>.text:CPUcpsie</name>
         <load_address>0x1b78</load_address>
         <run_address>0x1b78</run_address>
         <size>0xc</size>
         <input_file_ref idref="fl-17"/>
      </object_component>
      <object_component id="oc-154">
         <name>.text:PWMGenEnable</name>
         <load_address>0x1b84</load_address>
         <run_address>0x1b84</run_address>
         <size>0xc</size>
         <input_file_ref idref="fl-13"/>
      </object_component>
      <object_component id="oc-1cf">
         <name>.text:SSIDataGet</name>
         <load_address>0x1b90</load_address>
         <run_address>0x1b90</run_address>
         <size>0xc</size>
         <input_file_ref idref="fl-12"/>
      </object_component>
      <object_component id="oc-24">
         <name>.text</name>
         <load_address>0x1b9c</load_address>
         <run_address>0x1b9c</run_address>
         <size>0xc</size>
         <input_file_ref idref="fl-9"/>
      </object_component>
      <object_component id="oc-185">
         <name>.text:ADCIntClear</name>
         <load_address>0x1ba8</load_address>
         <run_address>0x1ba8</run_address>
         <size>0xa</size>
         <input_file_ref idref="fl-18"/>
      </object_component>
      <object_component id="oc-89">
         <name>.text:IntMasterEnable</name>
         <load_address>0x1bb2</load_address>
         <run_address>0x1bb2</run_address>
         <size>0xa</size>
         <input_file_ref idref="fl-14"/>
      </object_component>
      <object_component id="oc-1c9">
         <name>.text:SSIDataPut</name>
         <load_address>0x1bbc</load_address>
         <run_address>0x1bbc</run_address>
         <size>0xa</size>
         <input_file_ref idref="fl-12"/>
      </object_component>
      <object_component id="oc-1e8">
         <name>.text:SSIEnable</name>
         <load_address>0x1bc6</load_address>
         <run_address>0x1bc6</run_address>
         <size>0xa</size>
         <input_file_ref idref="fl-12"/>
      </object_component>
      <object_component id="oc-1c3">
         <name>.text:SSIBusy</name>
         <load_address>0x1bd0</load_address>
         <run_address>0x1bd0</run_address>
         <size>0x8</size>
         <input_file_ref idref="fl-12"/>
      </object_component>
      <object_component id="oc-bc">
         <name>.text:TimerIntEnable</name>
         <load_address>0x1bd8</load_address>
         <run_address>0x1bd8</run_address>
         <size>0x8</size>
         <input_file_ref idref="fl-10"/>
      </object_component>
      <object_component id="oc-204">
         <name>.text:GPIOPinRead</name>
         <load_address>0x1be0</load_address>
         <run_address>0x1be0</run_address>
         <size>0x6</size>
         <input_file_ref idref="fl-15"/>
      </object_component>
      <object_component id="oc-d4">
         <name>.text:GPIOPinWrite</name>
         <load_address>0x1be6</load_address>
         <run_address>0x1be6</run_address>
         <size>0x6</size>
         <input_file_ref idref="fl-15"/>
      </object_component>
      <object_component id="oc-1db">
         <name>.text:SysCtlDelay</name>
         <load_address>0x1bec</load_address>
         <run_address>0x1bec</run_address>
         <size>0x6</size>
         <input_file_ref idref="fl-11"/>
      </object_component>
      <object_component id="oc-da">
         <name>.text:TimerIntClear</name>
         <load_address>0x1bf2</load_address>
         <run_address>0x1bf2</run_address>
         <size>0x4</size>
         <input_file_ref idref="fl-10"/>
      </object_component>
      <object_component id="oc-116">
         <name>.text:_system_pre_init</name>
         <load_address>0x1bf6</load_address>
         <run_address>0x1bf6</run_address>
         <size>0x4</size>
         <input_file_ref idref="fl-d8"/>
      </object_component>
      <object_component id="oc-22d">
         <name>.text:abort:abort</name>
         <load_address>0x1bfa</load_address>
         <run_address>0x1bfa</run_address>
         <size>0x4</size>
         <input_file_ref idref="fl-da"/>
      </object_component>
      <object_component id="oc-27a">
         <name>.const:g_pui32GPIOBaseAddrs</name>
         <load_address>0x1c00</load_address>
         <run_address>0x1c00</run_address>
         <size>0x90</size>
         <input_file_ref idref="fl-15"/>
      </object_component>
      <object_component id="oc-1bc">
         <name>.const</name>
         <load_address>0x1c90</load_address>
         <run_address>0x1c90</run_address>
         <size>0x70</size>
         <input_file_ref idref="fl-14"/>
      </object_component>
      <object_component id="oc-1b4">
         <name>.const:g_pui32Xtals</name>
         <load_address>0x1d00</load_address>
         <run_address>0x1d00</run_address>
         <size>0x6c</size>
         <input_file_ref idref="fl-11"/>
      </object_component>
      <object_component id="oc-1f1">
         <name>.const:.string:child_payload_size</name>
         <load_address>0x1d6c</load_address>
         <run_address>0x1d6c</run_address>
         <size>0x6</size>
         <input_file_ref idref="fl-5"/>
      </object_component>
      <object_component id="oc-1ee">
         <name>.const:.string:child_pipe</name>
         <load_address>0x1d72</load_address>
         <run_address>0x1d72</run_address>
         <size>0x6</size>
         <input_file_ref idref="fl-5"/>
      </object_component>
      <object_component id="oc-1f4">
         <name>.const:.string:child_pipe_enable</name>
         <load_address>0x1d78</load_address>
         <run_address>0x1d78</run_address>
         <size>0x6</size>
         <input_file_ref idref="fl-5"/>
      </object_component>
      <object_component id="oc-353">
         <name>.cinit..data.load</name>
         <load_address>0x1d80</load_address>
         <run_address>0x1d80</run_address>
         <size>0x15</size>
      </object_component>
      <object_component id="oc-351">
         <name>__TI_handler_table</name>
         <load_address>0x1d98</load_address>
         <run_address>0x1d98</run_address>
         <size>0xc</size>
      </object_component>
      <object_component id="oc-354">
         <name>.cinit..bss.load</name>
         <load_address>0x1da8</load_address>
         <run_address>0x1da8</run_address>
         <size>0x8</size>
      </object_component>
      <object_component id="oc-352">
         <name>__TI_cinit_table</name>
         <load_address>0x1db0</load_address>
         <run_address>0x1db0</run_address>
         <size>0x10</size>
      </object_component>
      <object_component id="oc-e3">
         <name>.data:addresses</name>
         <load_address>0x20000236</load_address>
         <run_address>0x20000236</run_address>
         <size>0xc</size>
         <input_file_ref idref="fl-4"/>
      </object_component>
      <object_component id="oc-e6">
         <name>.data</name>
         <load_address>0x20000228</load_address>
         <run_address>0x20000228</run_address>
         <size>0xe</size>
         <input_file_ref idref="fl-4"/>
      </object_component>
      <object_component id="oc-e0">
         <name>.common:nrf</name>
         <uninitialized>true</uninitialized>
         <run_address>0x20000200</run_address>
         <size>0x24</size>
      </object_component>
      <object_component id="oc-20a">
         <name>.common:cap</name>
         <uninitialized>true</uninitialized>
         <run_address>0x20000225</run_address>
         <size>0x1</size>
      </object_component>
      <object_component id="oc-20d">
         <name>.common:ang</name>
         <uninitialized>true</uninitialized>
         <run_address>0x20000224</run_address>
         <size>0x1</size>
      </object_component>
      <object_component id="oc-21">
         <name>.stack</name>
         <uninitialized>true</uninitialized>
         <run_address>0x20000000</run_address>
         <size>0x4</size>
         <input_file_ref idref="fl-d5"/>
      </object_component>
      <object_component id="oc-355">
         <name>.stack</name>
         <uninitialized>true</uninitialized>
         <run_address>0x20000000</run_address>
         <size>0x0</size>
      </object_component>
      <object_component id="oc-19e">
         <name>.debug_info</name>
         <load_address>0x0</load_address>
         <run_address>0x0</run_address>
         <size>0x4f6</size>
         <input_file_ref idref="fl-2"/>
      </object_component>
      <object_component id="oc-87">
         <name>.debug_info</name>
         <load_address>0x4f6</load_address>
         <run_address>0x4f6</run_address>
         <size>0x382</size>
         <input_file_ref idref="fl-2"/>
      </object_component>
      <object_component id="oc-f6">
         <name>.debug_info</name>
         <load_address>0x878</load_address>
         <run_address>0x878</run_address>
         <size>0x26b</size>
         <input_file_ref idref="fl-2"/>
      </object_component>
      <object_component id="oc-ea">
         <name>.debug_info</name>
         <load_address>0xae3</load_address>
         <run_address>0xae3</run_address>
         <size>0x8b</size>
         <input_file_ref idref="fl-2"/>
      </object_component>
      <object_component id="oc-218">
         <name>.debug_info</name>
         <load_address>0xb6e</load_address>
         <run_address>0xb6e</run_address>
         <size>0x297</size>
         <input_file_ref idref="fl-2"/>
      </object_component>
      <object_component id="oc-ef">
         <name>.debug_info</name>
         <load_address>0xe05</load_address>
         <run_address>0xe05</run_address>
         <size>0xbb</size>
         <input_file_ref idref="fl-2"/>
      </object_component>
      <object_component id="oc-2be">
         <name>.debug_info</name>
         <load_address>0xec0</load_address>
         <run_address>0xec0</run_address>
         <size>0x2f2</size>
         <input_file_ref idref="fl-3"/>
      </object_component>
      <object_component id="oc-1f9">
         <name>.debug_info</name>
         <load_address>0x11b2</load_address>
         <run_address>0x11b2</run_address>
         <size>0x1c5</size>
         <input_file_ref idref="fl-3"/>
      </object_component>
      <object_component id="oc-2f5">
         <name>.debug_info</name>
         <load_address>0x1377</load_address>
         <run_address>0x1377</run_address>
         <size>0x86</size>
         <input_file_ref idref="fl-3"/>
      </object_component>
      <object_component id="oc-e1">
         <name>.debug_info</name>
         <load_address>0x13fd</load_address>
         <run_address>0x13fd</run_address>
         <size>0x807</size>
         <input_file_ref idref="fl-4"/>
      </object_component>
      <object_component id="oc-e4">
         <name>.debug_info</name>
         <load_address>0x1c04</load_address>
         <run_address>0x1c04</run_address>
         <size>0xed</size>
         <input_file_ref idref="fl-4"/>
      </object_component>
      <object_component id="oc-e7">
         <name>.debug_info</name>
         <load_address>0x1cf1</load_address>
         <run_address>0x1cf1</run_address>
         <size>0x15a</size>
         <input_file_ref idref="fl-4"/>
      </object_component>
      <object_component id="oc-2c">
         <name>.debug_info</name>
         <load_address>0x1e4b</load_address>
         <run_address>0x1e4b</run_address>
         <size>0x433</size>
         <input_file_ref idref="fl-4"/>
      </object_component>
      <object_component id="oc-1f8">
         <name>.debug_info</name>
         <load_address>0x227e</load_address>
         <run_address>0x227e</run_address>
         <size>0x560</size>
         <input_file_ref idref="fl-5"/>
      </object_component>
      <object_component id="oc-1f5">
         <name>.debug_info</name>
         <load_address>0x27de</load_address>
         <run_address>0x27de</run_address>
         <size>0x100</size>
         <input_file_ref idref="fl-5"/>
      </object_component>
      <object_component id="oc-1ef">
         <name>.debug_info</name>
         <load_address>0x28de</load_address>
         <run_address>0x28de</run_address>
         <size>0xf2</size>
         <input_file_ref idref="fl-5"/>
      </object_component>
      <object_component id="oc-1f2">
         <name>.debug_info</name>
         <load_address>0x29d0</load_address>
         <run_address>0x29d0</run_address>
         <size>0x102</size>
         <input_file_ref idref="fl-5"/>
      </object_component>
      <object_component id="oc-ca">
         <name>.debug_info</name>
         <load_address>0x2ad2</load_address>
         <run_address>0x2ad2</run_address>
         <size>0x2442</size>
         <input_file_ref idref="fl-5"/>
      </object_component>
      <object_component id="oc-20b">
         <name>.debug_info</name>
         <load_address>0x4f14</load_address>
         <run_address>0x4f14</run_address>
         <size>0x424</size>
         <input_file_ref idref="fl-6"/>
      </object_component>
      <object_component id="oc-cf">
         <name>.debug_info</name>
         <load_address>0x5338</load_address>
         <run_address>0x5338</run_address>
         <size>0x59b</size>
         <input_file_ref idref="fl-6"/>
      </object_component>
      <object_component id="oc-7e">
         <name>.debug_info</name>
         <load_address>0x58d3</load_address>
         <run_address>0x58d3</run_address>
         <size>0x446</size>
         <input_file_ref idref="fl-7"/>
      </object_component>
      <object_component id="oc-39">
         <name>.debug_info</name>
         <load_address>0x5d19</load_address>
         <run_address>0x5d19</run_address>
         <size>0x84</size>
         <input_file_ref idref="fl-8"/>
      </object_component>
      <object_component id="oc-32">
         <name>.debug_info</name>
         <load_address>0x5d9d</load_address>
         <run_address>0x5d9d</run_address>
         <size>0x2f0</size>
         <input_file_ref idref="fl-9"/>
      </object_component>
      <object_component id="oc-10">
         <name>.debug_info</name>
         <load_address>0x608d</load_address>
         <run_address>0x608d</run_address>
         <size>0x107</size>
         <input_file_ref idref="fl-9"/>
      </object_component>
      <object_component id="oc-25">
         <name>.debug_info</name>
         <load_address>0x6194</load_address>
         <run_address>0x6194</run_address>
         <size>0x283</size>
         <input_file_ref idref="fl-9"/>
      </object_component>
      <object_component id="oc-291">
         <name>.debug_info</name>
         <load_address>0x6417</load_address>
         <run_address>0x6417</run_address>
         <size>0x1ce</size>
         <input_file_ref idref="fl-f"/>
      </object_component>
      <object_component id="oc-28d">
         <name>.debug_info</name>
         <load_address>0x65e5</load_address>
         <run_address>0x65e5</run_address>
         <size>0x1ab</size>
         <input_file_ref idref="fl-f"/>
      </object_component>
      <object_component id="oc-287">
         <name>.debug_info</name>
         <load_address>0x6790</load_address>
         <run_address>0x6790</run_address>
         <size>0x233</size>
         <input_file_ref idref="fl-f"/>
      </object_component>
      <object_component id="oc-163">
         <name>.debug_info</name>
         <load_address>0x69c3</load_address>
         <run_address>0x69c3</run_address>
         <size>0x28a</size>
         <input_file_ref idref="fl-f"/>
      </object_component>
      <object_component id="oc-1a6">
         <name>.debug_info</name>
         <load_address>0x6c4d</load_address>
         <run_address>0x6c4d</run_address>
         <size>0x90</size>
         <input_file_ref idref="fl-f"/>
      </object_component>
      <object_component id="oc-1ac">
         <name>.debug_info</name>
         <load_address>0x6cdd</load_address>
         <run_address>0x6cdd</run_address>
         <size>0x18b</size>
         <input_file_ref idref="fl-f"/>
      </object_component>
      <object_component id="oc-1b3">
         <name>.debug_info</name>
         <load_address>0x6e68</load_address>
         <run_address>0x6e68</run_address>
         <size>0x1cf</size>
         <input_file_ref idref="fl-10"/>
      </object_component>
      <object_component id="oc-b1">
         <name>.debug_info</name>
         <load_address>0x7037</load_address>
         <run_address>0x7037</run_address>
         <size>0x21e</size>
         <input_file_ref idref="fl-10"/>
      </object_component>
      <object_component id="oc-bd">
         <name>.debug_info</name>
         <load_address>0x7255</load_address>
         <run_address>0x7255</run_address>
         <size>0x1f8</size>
         <input_file_ref idref="fl-10"/>
      </object_component>
      <object_component id="oc-db">
         <name>.debug_info</name>
         <load_address>0x744d</load_address>
         <run_address>0x744d</run_address>
         <size>0x1f6</size>
         <input_file_ref idref="fl-10"/>
      </object_component>
      <object_component id="oc-c3">
         <name>.debug_info</name>
         <load_address>0x7643</load_address>
         <run_address>0x7643</run_address>
         <size>0x1e3</size>
         <input_file_ref idref="fl-10"/>
      </object_component>
      <object_component id="oc-96">
         <name>.debug_info</name>
         <load_address>0x7826</load_address>
         <run_address>0x7826</run_address>
         <size>0x1f0</size>
         <input_file_ref idref="fl-10"/>
      </object_component>
      <object_component id="oc-1b1">
         <name>.debug_info</name>
         <load_address>0x7a16</load_address>
         <run_address>0x7a16</run_address>
         <size>0x226</size>
         <input_file_ref idref="fl-11"/>
      </object_component>
      <object_component id="oc-1b5">
         <name>.debug_info</name>
         <load_address>0x7c3c</load_address>
         <run_address>0x7c3c</run_address>
         <size>0xff</size>
         <input_file_ref idref="fl-11"/>
      </object_component>
      <object_component id="oc-92">
         <name>.debug_info</name>
         <load_address>0x7d3b</load_address>
         <run_address>0x7d3b</run_address>
         <size>0x1e1</size>
         <input_file_ref idref="fl-11"/>
      </object_component>
      <object_component id="oc-139">
         <name>.debug_info</name>
         <load_address>0x7f1c</load_address>
         <run_address>0x7f1c</run_address>
         <size>0x1c7</size>
         <input_file_ref idref="fl-11"/>
      </object_component>
      <object_component id="oc-12c">
         <name>.debug_info</name>
         <load_address>0x80e3</load_address>
         <run_address>0x80e3</run_address>
         <size>0x363</size>
         <input_file_ref idref="fl-11"/>
      </object_component>
      <object_component id="oc-9d">
         <name>.debug_info</name>
         <load_address>0x8446</load_address>
         <run_address>0x8446</run_address>
         <size>0x219</size>
         <input_file_ref idref="fl-11"/>
      </object_component>
      <object_component id="oc-2a1">
         <name>.debug_info</name>
         <load_address>0x865f</load_address>
         <run_address>0x865f</run_address>
         <size>0x5f</size>
         <input_file_ref idref="fl-11"/>
      </object_component>
      <object_component id="oc-2af">
         <name>.debug_info</name>
         <load_address>0x86be</load_address>
         <run_address>0x86be</run_address>
         <size>0x1c3</size>
         <input_file_ref idref="fl-12"/>
      </object_component>
      <object_component id="oc-1e9">
         <name>.debug_info</name>
         <load_address>0x8881</load_address>
         <run_address>0x8881</run_address>
         <size>0x1a6</size>
         <input_file_ref idref="fl-12"/>
      </object_component>
      <object_component id="oc-1ca">
         <name>.debug_info</name>
         <load_address>0x8a27</load_address>
         <run_address>0x8a27</run_address>
         <size>0x25f</size>
         <input_file_ref idref="fl-12"/>
      </object_component>
      <object_component id="oc-1d6">
         <name>.debug_info</name>
         <load_address>0x8c86</load_address>
         <run_address>0x8c86</run_address>
         <size>0x1fe</size>
         <input_file_ref idref="fl-12"/>
      </object_component>
      <object_component id="oc-1d0">
         <name>.debug_info</name>
         <load_address>0x8e84</load_address>
         <run_address>0x8e84</run_address>
         <size>0x263</size>
         <input_file_ref idref="fl-12"/>
      </object_component>
      <object_component id="oc-1e3">
         <name>.debug_info</name>
         <load_address>0x90e7</load_address>
         <run_address>0x90e7</run_address>
         <size>0x3c2</size>
         <input_file_ref idref="fl-12"/>
      </object_component>
      <object_component id="oc-1c4">
         <name>.debug_info</name>
         <load_address>0x94a9</load_address>
         <run_address>0x94a9</run_address>
         <size>0x1a6</size>
         <input_file_ref idref="fl-12"/>
      </object_component>
      <object_component id="oc-280">
         <name>.debug_info</name>
         <load_address>0x964f</load_address>
         <run_address>0x964f</run_address>
         <size>0x194</size>
         <input_file_ref idref="fl-13"/>
      </object_component>
      <object_component id="oc-1ff">
         <name>.debug_info</name>
         <load_address>0x97e3</load_address>
         <run_address>0x97e3</run_address>
         <size>0x25a</size>
         <input_file_ref idref="fl-13"/>
      </object_component>
      <object_component id="oc-15b">
         <name>.debug_info</name>
         <load_address>0x9a3d</load_address>
         <run_address>0x9a3d</run_address>
         <size>0x228</size>
         <input_file_ref idref="fl-13"/>
      </object_component>
      <object_component id="oc-150">
         <name>.debug_info</name>
         <load_address>0x9c65</load_address>
         <run_address>0x9c65</run_address>
         <size>0x21a</size>
         <input_file_ref idref="fl-13"/>
      </object_component>
      <object_component id="oc-156">
         <name>.debug_info</name>
         <load_address>0x9e7f</load_address>
         <run_address>0x9e7f</run_address>
         <size>0x1da</size>
         <input_file_ref idref="fl-13"/>
      </object_component>
      <object_component id="oc-149">
         <name>.debug_info</name>
         <load_address>0xa059</load_address>
         <run_address>0xa059</run_address>
         <size>0x217</size>
         <input_file_ref idref="fl-13"/>
      </object_component>
      <object_component id="oc-1c0">
         <name>.debug_info</name>
         <load_address>0xa270</load_address>
         <run_address>0xa270</run_address>
         <size>0x1ba</size>
         <input_file_ref idref="fl-14"/>
      </object_component>
      <object_component id="oc-1bd">
         <name>.debug_info</name>
         <load_address>0xa42a</load_address>
         <run_address>0xa42a</run_address>
         <size>0x1c2</size>
         <input_file_ref idref="fl-14"/>
      </object_component>
      <object_component id="oc-8a">
         <name>.debug_info</name>
         <load_address>0xa5ec</load_address>
         <run_address>0xa5ec</run_address>
         <size>0x1a2</size>
         <input_file_ref idref="fl-14"/>
      </object_component>
      <object_component id="oc-b7">
         <name>.debug_info</name>
         <load_address>0xa78e</load_address>
         <run_address>0xa78e</run_address>
         <size>0x1cc</size>
         <input_file_ref idref="fl-14"/>
      </object_component>
      <object_component id="oc-210">
         <name>.debug_info</name>
         <load_address>0xa95a</load_address>
         <run_address>0xa95a</run_address>
         <size>0x1d7</size>
         <input_file_ref idref="fl-15"/>
      </object_component>
      <object_component id="oc-27b">
         <name>.debug_info</name>
         <load_address>0xab31</load_address>
         <run_address>0xab31</run_address>
         <size>0x10d</size>
         <input_file_ref idref="fl-15"/>
      </object_component>
      <object_component id="oc-d6">
         <name>.debug_info</name>
         <load_address>0xac3e</load_address>
         <run_address>0xac3e</run_address>
         <size>0x207</size>
         <input_file_ref idref="fl-15"/>
      </object_component>
      <object_component id="oc-274">
         <name>.debug_info</name>
         <load_address>0xae45</load_address>
         <run_address>0xae45</run_address>
         <size>0x217</size>
         <input_file_ref idref="fl-15"/>
      </object_component>
      <object_component id="oc-26e">
         <name>.debug_info</name>
         <load_address>0xb05c</load_address>
         <run_address>0xb05c</run_address>
         <size>0x312</size>
         <input_file_ref idref="fl-15"/>
      </object_component>
      <object_component id="oc-1de">
         <name>.debug_info</name>
         <load_address>0xb36e</load_address>
         <run_address>0xb36e</run_address>
         <size>0x1dd</size>
         <input_file_ref idref="fl-15"/>
      </object_component>
      <object_component id="oc-144">
         <name>.debug_info</name>
         <load_address>0xb54b</load_address>
         <run_address>0xb54b</run_address>
         <size>0x1dd</size>
         <input_file_ref idref="fl-15"/>
      </object_component>
      <object_component id="oc-133">
         <name>.debug_info</name>
         <load_address>0xb728</load_address>
         <run_address>0xb728</run_address>
         <size>0x1eb</size>
         <input_file_ref idref="fl-15"/>
      </object_component>
      <object_component id="oc-16a">
         <name>.debug_info</name>
         <load_address>0xb913</load_address>
         <run_address>0xb913</run_address>
         <size>0x1dd</size>
         <input_file_ref idref="fl-15"/>
      </object_component>
      <object_component id="oc-207">
         <name>.debug_info</name>
         <load_address>0xbaf0</load_address>
         <run_address>0xbaf0</run_address>
         <size>0x1df</size>
         <input_file_ref idref="fl-15"/>
      </object_component>
      <object_component id="oc-13f">
         <name>.debug_info</name>
         <load_address>0xbccf</load_address>
         <run_address>0xbccf</run_address>
         <size>0x1e4</size>
         <input_file_ref idref="fl-15"/>
      </object_component>
      <object_component id="oc-74">
         <name>.debug_info</name>
         <load_address>0xbeb3</load_address>
         <run_address>0xbeb3</run_address>
         <size>0x189</size>
         <input_file_ref idref="fl-16"/>
      </object_component>
      <object_component id="oc-79">
         <name>.debug_info</name>
         <load_address>0xc03c</load_address>
         <run_address>0xc03c</run_address>
         <size>0x171</size>
         <input_file_ref idref="fl-16"/>
      </object_component>
      <object_component id="oc-1a0">
         <name>.debug_info</name>
         <load_address>0xc1ad</load_address>
         <run_address>0xc1ad</run_address>
         <size>0x176</size>
         <input_file_ref idref="fl-17"/>
      </object_component>
      <object_component id="oc-294">
         <name>.debug_info</name>
         <load_address>0xc323</load_address>
         <run_address>0xc323</run_address>
         <size>0x1a8</size>
         <input_file_ref idref="fl-18"/>
      </object_component>
      <object_component id="oc-17a">
         <name>.debug_info</name>
         <load_address>0xc4cb</load_address>
         <run_address>0xc4cb</run_address>
         <size>0x297</size>
         <input_file_ref idref="fl-18"/>
      </object_component>
      <object_component id="oc-180">
         <name>.debug_info</name>
         <load_address>0xc762</load_address>
         <run_address>0xc762</run_address>
         <size>0x204</size>
         <input_file_ref idref="fl-18"/>
      </object_component>
      <object_component id="oc-16e">
         <name>.debug_info</name>
         <load_address>0xc966</load_address>
         <run_address>0xc966</run_address>
         <size>0x206</size>
         <input_file_ref idref="fl-18"/>
      </object_component>
      <object_component id="oc-198">
         <name>.debug_info</name>
         <load_address>0xcb6c</load_address>
         <run_address>0xcb6c</run_address>
         <size>0x2fb</size>
         <input_file_ref idref="fl-18"/>
      </object_component>
      <object_component id="oc-174">
         <name>.debug_info</name>
         <load_address>0xce67</load_address>
         <run_address>0xce67</run_address>
         <size>0x28a</size>
         <input_file_ref idref="fl-18"/>
      </object_component>
      <object_component id="oc-18c">
         <name>.debug_info</name>
         <load_address>0xd0f1</load_address>
         <run_address>0xd0f1</run_address>
         <size>0x208</size>
         <input_file_ref idref="fl-18"/>
      </object_component>
      <object_component id="oc-192">
         <name>.debug_info</name>
         <load_address>0xd2f9</load_address>
         <run_address>0xd2f9</run_address>
         <size>0x245</size>
         <input_file_ref idref="fl-18"/>
      </object_component>
      <object_component id="oc-186">
         <name>.debug_info</name>
         <load_address>0xd53e</load_address>
         <run_address>0xd53e</run_address>
         <size>0x1f8</size>
         <input_file_ref idref="fl-18"/>
      </object_component>
      <object_component id="oc-a9">
         <name>.debug_info</name>
         <load_address>0xd736</load_address>
         <run_address>0xd736</run_address>
         <size>0x139</size>
         <input_file_ref idref="fl-ce"/>
      </object_component>
      <object_component id="oc-ac">
         <name>.debug_info</name>
         <load_address>0xd86f</load_address>
         <run_address>0xd86f</run_address>
         <size>0x138</size>
         <input_file_ref idref="fl-cf"/>
      </object_component>
      <object_component id="oc-3f">
         <name>.debug_info</name>
         <load_address>0xd9a7</load_address>
         <run_address>0xd9a7</run_address>
         <size>0x118</size>
         <input_file_ref idref="fl-d0"/>
      </object_component>
      <object_component id="oc-a2">
         <name>.debug_info</name>
         <load_address>0xdabf</load_address>
         <run_address>0xdabf</run_address>
         <size>0x12d</size>
         <input_file_ref idref="fl-d1"/>
      </object_component>
      <object_component id="oc-10f">
         <name>.debug_info</name>
         <load_address>0xdbec</load_address>
         <run_address>0xdbec</run_address>
         <size>0x2d3</size>
         <input_file_ref idref="fl-d2"/>
      </object_component>
      <object_component id="oc-4b">
         <name>.debug_info</name>
         <load_address>0xdebf</load_address>
         <run_address>0xdebf</run_address>
         <size>0x1d1</size>
         <input_file_ref idref="fl-d2"/>
      </object_component>
      <object_component id="oc-10a">
         <name>.debug_info</name>
         <load_address>0xe090</load_address>
         <run_address>0xe090</run_address>
         <size>0x46</size>
         <input_file_ref idref="fl-d2"/>
      </object_component>
      <object_component id="oc-224">
         <name>.debug_info</name>
         <load_address>0xe0d6</load_address>
         <run_address>0xe0d6</run_address>
         <size>0x2c</size>
         <input_file_ref idref="fl-d2"/>
      </object_component>
      <object_component id="oc-49">
         <name>.debug_info</name>
         <load_address>0xe102</load_address>
         <run_address>0xe102</run_address>
         <size>0x2a7</size>
         <input_file_ref idref="fl-d3"/>
      </object_component>
      <object_component id="oc-1c">
         <name>.debug_info</name>
         <load_address>0xe3a9</load_address>
         <run_address>0xe3a9</run_address>
         <size>0x1e9</size>
         <input_file_ref idref="fl-d3"/>
      </object_component>
      <object_component id="oc-44">
         <name>.debug_info</name>
         <load_address>0xe592</load_address>
         <run_address>0xe592</run_address>
         <size>0x46</size>
         <input_file_ref idref="fl-d3"/>
      </object_component>
      <object_component id="oc-102">
         <name>.debug_info</name>
         <load_address>0xe5d8</load_address>
         <run_address>0xe5d8</run_address>
         <size>0x2c</size>
         <input_file_ref idref="fl-d3"/>
      </object_component>
      <object_component id="oc-100">
         <name>.debug_info</name>
         <load_address>0xe604</load_address>
         <run_address>0xe604</run_address>
         <size>0x29d</size>
         <input_file_ref idref="fl-d4"/>
      </object_component>
      <object_component id="oc-16">
         <name>.debug_info</name>
         <load_address>0xe8a1</load_address>
         <run_address>0xe8a1</run_address>
         <size>0x24f</size>
         <input_file_ref idref="fl-d4"/>
      </object_component>
      <object_component id="oc-34">
         <name>.debug_info</name>
         <load_address>0xeaf0</load_address>
         <run_address>0xeaf0</run_address>
         <size>0x60</size>
         <input_file_ref idref="fl-d4"/>
      </object_component>
      <object_component id="oc-21d">
         <name>.debug_info</name>
         <load_address>0xeb50</load_address>
         <run_address>0xeb50</run_address>
         <size>0x46</size>
         <input_file_ref idref="fl-d4"/>
      </object_component>
      <object_component id="oc-fb">
         <name>.debug_info</name>
         <load_address>0xeb96</load_address>
         <run_address>0xeb96</run_address>
         <size>0x39</size>
         <input_file_ref idref="fl-d4"/>
      </object_component>
      <object_component id="oc-22">
         <name>.debug_info</name>
         <load_address>0xebcf</load_address>
         <run_address>0xebcf</run_address>
         <size>0x10a</size>
         <input_file_ref idref="fl-d5"/>
      </object_component>
      <object_component id="oc-5f">
         <name>.debug_info</name>
         <load_address>0xecd9</load_address>
         <run_address>0xecd9</run_address>
         <size>0x1a8</size>
         <input_file_ref idref="fl-d5"/>
      </object_component>
      <object_component id="oc-2d0">
         <name>.debug_info</name>
         <load_address>0xee81</load_address>
         <run_address>0xee81</run_address>
         <size>0x4b2</size>
         <input_file_ref idref="fl-d7"/>
      </object_component>
      <object_component id="oc-23b">
         <name>.debug_info</name>
         <load_address>0xf333</load_address>
         <run_address>0xf333</run_address>
         <size>0x1a5</size>
         <input_file_ref idref="fl-d7"/>
      </object_component>
      <object_component id="oc-30a">
         <name>.debug_info</name>
         <load_address>0xf4d8</load_address>
         <run_address>0xf4d8</run_address>
         <size>0x39</size>
         <input_file_ref idref="fl-d7"/>
      </object_component>
      <object_component id="oc-31e">
         <name>.debug_info</name>
         <load_address>0xf511</load_address>
         <run_address>0xf511</run_address>
         <size>0x39</size>
         <input_file_ref idref="fl-d7"/>
      </object_component>
      <object_component id="oc-30f">
         <name>.debug_info</name>
         <load_address>0xf54a</load_address>
         <run_address>0xf54a</run_address>
         <size>0x39</size>
         <input_file_ref idref="fl-d7"/>
      </object_component>
      <object_component id="oc-314">
         <name>.debug_info</name>
         <load_address>0xf583</load_address>
         <run_address>0xf583</run_address>
         <size>0xcd</size>
         <input_file_ref idref="fl-d7"/>
      </object_component>
      <object_component id="oc-11a">
         <name>.debug_info</name>
         <load_address>0xf650</load_address>
         <run_address>0xf650</run_address>
         <size>0x152</size>
         <input_file_ref idref="fl-d8"/>
      </object_component>
      <object_component id="oc-230">
         <name>.debug_info</name>
         <load_address>0xf7a2</load_address>
         <run_address>0xf7a2</run_address>
         <size>0x121</size>
         <input_file_ref idref="fl-da"/>
      </object_component>
      <object_component id="oc-356">
         <name>.debug_info</name>
         <load_address>0xf8c3</load_address>
         <run_address>0xf8c3</run_address>
         <size>0xba</size>
      </object_component>
      <object_component id="oc-29d">
         <name>.debug_line</name>
         <load_address>0x0</load_address>
         <run_address>0x0</run_address>
         <size>0x126</size>
         <input_file_ref idref="fl-2"/>
      </object_component>
      <object_component id="oc-85">
         <name>.debug_line</name>
         <load_address>0x126</load_address>
         <run_address>0x126</run_address>
         <size>0x70</size>
         <input_file_ref idref="fl-2"/>
      </object_component>
      <object_component id="oc-f9">
         <name>.debug_line</name>
         <load_address>0x196</load_address>
         <run_address>0x196</run_address>
         <size>0x88</size>
         <input_file_ref idref="fl-2"/>
      </object_component>
      <object_component id="oc-ed">
         <name>.debug_line</name>
         <load_address>0x21e</load_address>
         <run_address>0x21e</run_address>
         <size>0x20</size>
         <input_file_ref idref="fl-2"/>
      </object_component>
      <object_component id="oc-21b">
         <name>.debug_line</name>
         <load_address>0x23e</load_address>
         <run_address>0x23e</run_address>
         <size>0x8c</size>
         <input_file_ref idref="fl-2"/>
      </object_component>
      <object_component id="oc-f2">
         <name>.debug_line</name>
         <load_address>0x2ca</load_address>
         <run_address>0x2ca</run_address>
         <size>0x89</size>
         <input_file_ref idref="fl-2"/>
      </object_component>
      <object_component id="oc-2f4">
         <name>.debug_line</name>
         <load_address>0x353</load_address>
         <run_address>0x353</run_address>
         <size>0x31</size>
         <input_file_ref idref="fl-3"/>
      </object_component>
      <object_component id="oc-1fc">
         <name>.debug_line</name>
         <load_address>0x384</load_address>
         <run_address>0x384</run_address>
         <size>0x31</size>
         <input_file_ref idref="fl-3"/>
      </object_component>
      <object_component id="oc-2f8">
         <name>.debug_line</name>
         <load_address>0x3b5</load_address>
         <run_address>0x3b5</run_address>
         <size>0x34</size>
         <input_file_ref idref="fl-3"/>
      </object_component>
      <object_component id="oc-213">
         <name>.debug_line</name>
         <load_address>0x3e9</load_address>
         <run_address>0x3e9</run_address>
         <size>0x224</size>
         <input_file_ref idref="fl-4"/>
      </object_component>
      <object_component id="oc-215">
         <name>.debug_line</name>
         <load_address>0x60d</load_address>
         <run_address>0x60d</run_address>
         <size>0x2d</size>
         <input_file_ref idref="fl-4"/>
      </object_component>
      <object_component id="oc-217">
         <name>.debug_line</name>
         <load_address>0x63a</load_address>
         <run_address>0x63a</run_address>
         <size>0x2d</size>
         <input_file_ref idref="fl-4"/>
      </object_component>
      <object_component id="oc-2b">
         <name>.debug_line</name>
         <load_address>0x667</load_address>
         <run_address>0x667</run_address>
         <size>0x8f</size>
         <input_file_ref idref="fl-4"/>
      </object_component>
      <object_component id="oc-2bd">
         <name>.debug_line</name>
         <load_address>0x6f6</load_address>
         <run_address>0x6f6</run_address>
         <size>0x126</size>
         <input_file_ref idref="fl-5"/>
      </object_component>
      <object_component id="oc-2bb">
         <name>.debug_line</name>
         <load_address>0x81c</load_address>
         <run_address>0x81c</run_address>
         <size>0x31</size>
         <input_file_ref idref="fl-5"/>
      </object_component>
      <object_component id="oc-2b7">
         <name>.debug_line</name>
         <load_address>0x84d</load_address>
         <run_address>0x84d</run_address>
         <size>0x31</size>
         <input_file_ref idref="fl-5"/>
      </object_component>
      <object_component id="oc-2b9">
         <name>.debug_line</name>
         <load_address>0x87e</load_address>
         <run_address>0x87e</run_address>
         <size>0x31</size>
         <input_file_ref idref="fl-5"/>
      </object_component>
      <object_component id="oc-c9">
         <name>.debug_line</name>
         <load_address>0x8af</load_address>
         <run_address>0x8af</run_address>
         <size>0x454</size>
         <input_file_ref idref="fl-5"/>
      </object_component>
      <object_component id="oc-2c2">
         <name>.debug_line</name>
         <load_address>0xd03</load_address>
         <run_address>0xd03</run_address>
         <size>0xfc</size>
         <input_file_ref idref="fl-6"/>
      </object_component>
      <object_component id="oc-d2">
         <name>.debug_line</name>
         <load_address>0xdff</load_address>
         <run_address>0xdff</run_address>
         <size>0x11a</size>
         <input_file_ref idref="fl-6"/>
      </object_component>
      <object_component id="oc-82">
         <name>.debug_line</name>
         <load_address>0xf19</load_address>
         <run_address>0xf19</run_address>
         <size>0xa0</size>
         <input_file_ref idref="fl-7"/>
      </object_component>
      <object_component id="oc-3c">
         <name>.debug_line</name>
         <load_address>0xfb9</load_address>
         <run_address>0xfb9</run_address>
         <size>0x20</size>
         <input_file_ref idref="fl-8"/>
      </object_component>
      <object_component id="oc-f5">
         <name>.debug_line</name>
         <load_address>0xfd9</load_address>
         <run_address>0xfd9</run_address>
         <size>0x41</size>
         <input_file_ref idref="fl-9"/>
      </object_component>
      <object_component id="oc-31">
         <name>.debug_line</name>
         <load_address>0x101a</load_address>
         <run_address>0x101a</run_address>
         <size>0x41</size>
         <input_file_ref idref="fl-9"/>
      </object_component>
      <object_component id="oc-28">
         <name>.debug_line</name>
         <load_address>0x105b</load_address>
         <run_address>0x105b</run_address>
         <size>0xa1</size>
         <input_file_ref idref="fl-9"/>
      </object_component>
      <object_component id="oc-2ee">
         <name>.debug_line</name>
         <load_address>0x10fc</load_address>
         <run_address>0x10fc</run_address>
         <size>0x5b</size>
         <input_file_ref idref="fl-f"/>
      </object_component>
      <object_component id="oc-28c">
         <name>.debug_line</name>
         <load_address>0x1157</load_address>
         <run_address>0x1157</run_address>
         <size>0x6c</size>
         <input_file_ref idref="fl-f"/>
      </object_component>
      <object_component id="oc-286">
         <name>.debug_line</name>
         <load_address>0x11c3</load_address>
         <run_address>0x11c3</run_address>
         <size>0x6d</size>
         <input_file_ref idref="fl-f"/>
      </object_component>
      <object_component id="oc-162">
         <name>.debug_line</name>
         <load_address>0x1230</load_address>
         <run_address>0x1230</run_address>
         <size>0x7d</size>
         <input_file_ref idref="fl-f"/>
      </object_component>
      <object_component id="oc-1a9">
         <name>.debug_line</name>
         <load_address>0x12ad</load_address>
         <run_address>0x12ad</run_address>
         <size>0x20</size>
         <input_file_ref idref="fl-f"/>
      </object_component>
      <object_component id="oc-1af">
         <name>.debug_line</name>
         <load_address>0x12cd</load_address>
         <run_address>0x12cd</run_address>
         <size>0x5e</size>
         <input_file_ref idref="fl-f"/>
      </object_component>
      <object_component id="oc-2a7">
         <name>.debug_line</name>
         <load_address>0x132b</load_address>
         <run_address>0x132b</run_address>
         <size>0x5b</size>
         <input_file_ref idref="fl-10"/>
      </object_component>
      <object_component id="oc-b5">
         <name>.debug_line</name>
         <load_address>0x1386</load_address>
         <run_address>0x1386</run_address>
         <size>0x75</size>
         <input_file_ref idref="fl-10"/>
      </object_component>
      <object_component id="oc-c0">
         <name>.debug_line</name>
         <load_address>0x13fb</load_address>
         <run_address>0x13fb</run_address>
         <size>0x6c</size>
         <input_file_ref idref="fl-10"/>
      </object_component>
      <object_component id="oc-df">
         <name>.debug_line</name>
         <load_address>0x1467</load_address>
         <run_address>0x1467</run_address>
         <size>0x6c</size>
         <input_file_ref idref="fl-10"/>
      </object_component>
      <object_component id="oc-c7">
         <name>.debug_line</name>
         <load_address>0x14d3</load_address>
         <run_address>0x14d3</run_address>
         <size>0x6c</size>
         <input_file_ref idref="fl-10"/>
      </object_component>
      <object_component id="oc-9a">
         <name>.debug_line</name>
         <load_address>0x153f</load_address>
         <run_address>0x153f</run_address>
         <size>0x80</size>
         <input_file_ref idref="fl-10"/>
      </object_component>
      <object_component id="oc-2a0">
         <name>.debug_line</name>
         <load_address>0x15bf</load_address>
         <run_address>0x15bf</run_address>
         <size>0xc8</size>
         <input_file_ref idref="fl-11"/>
      </object_component>
      <object_component id="oc-2a9">
         <name>.debug_line</name>
         <load_address>0x1687</load_address>
         <run_address>0x1687</run_address>
         <size>0x58</size>
         <input_file_ref idref="fl-11"/>
      </object_component>
      <object_component id="oc-91">
         <name>.debug_line</name>
         <load_address>0x16df</load_address>
         <run_address>0x16df</run_address>
         <size>0x6d</size>
         <input_file_ref idref="fl-11"/>
      </object_component>
      <object_component id="oc-138">
         <name>.debug_line</name>
         <load_address>0x174c</load_address>
         <run_address>0x174c</run_address>
         <size>0x6d</size>
         <input_file_ref idref="fl-11"/>
      </object_component>
      <object_component id="oc-12b">
         <name>.debug_line</name>
         <load_address>0x17b9</load_address>
         <run_address>0x17b9</run_address>
         <size>0xb9</size>
         <input_file_ref idref="fl-11"/>
      </object_component>
      <object_component id="oc-9c">
         <name>.debug_line</name>
         <load_address>0x1872</load_address>
         <run_address>0x1872</run_address>
         <size>0xf1</size>
         <input_file_ref idref="fl-11"/>
      </object_component>
      <object_component id="oc-2a4">
         <name>.debug_line</name>
         <load_address>0x1963</load_address>
         <run_address>0x1963</run_address>
         <size>0x58</size>
         <input_file_ref idref="fl-11"/>
      </object_component>
      <object_component id="oc-2f2">
         <name>.debug_line</name>
         <load_address>0x19bb</load_address>
         <run_address>0x19bb</run_address>
         <size>0x5b</size>
         <input_file_ref idref="fl-12"/>
      </object_component>
      <object_component id="oc-1ed">
         <name>.debug_line</name>
         <load_address>0x1a16</load_address>
         <run_address>0x1a16</run_address>
         <size>0x6a</size>
         <input_file_ref idref="fl-12"/>
      </object_component>
      <object_component id="oc-1ce">
         <name>.debug_line</name>
         <load_address>0x1a80</load_address>
         <run_address>0x1a80</run_address>
         <size>0x6d</size>
         <input_file_ref idref="fl-12"/>
      </object_component>
      <object_component id="oc-1da">
         <name>.debug_line</name>
         <load_address>0x1aed</load_address>
         <run_address>0x1aed</run_address>
         <size>0x6f</size>
         <input_file_ref idref="fl-12"/>
      </object_component>
      <object_component id="oc-1d3">
         <name>.debug_line</name>
         <load_address>0x1b5c</load_address>
         <run_address>0x1b5c</run_address>
         <size>0x6d</size>
         <input_file_ref idref="fl-12"/>
      </object_component>
      <object_component id="oc-1e6">
         <name>.debug_line</name>
         <load_address>0x1bc9</load_address>
         <run_address>0x1bc9</run_address>
         <size>0x7b</size>
         <input_file_ref idref="fl-12"/>
      </object_component>
      <object_component id="oc-1c8">
         <name>.debug_line</name>
         <load_address>0x1c44</load_address>
         <run_address>0x1c44</run_address>
         <size>0x6a</size>
         <input_file_ref idref="fl-12"/>
      </object_component>
      <object_component id="oc-2ea">
         <name>.debug_line</name>
         <load_address>0x1cae</load_address>
         <run_address>0x1cae</run_address>
         <size>0x5b</size>
         <input_file_ref idref="fl-13"/>
      </object_component>
      <object_component id="oc-202">
         <name>.debug_line</name>
         <load_address>0x1d09</load_address>
         <run_address>0x1d09</run_address>
         <size>0x77</size>
         <input_file_ref idref="fl-13"/>
      </object_component>
      <object_component id="oc-15e">
         <name>.debug_line</name>
         <load_address>0x1d80</load_address>
         <run_address>0x1d80</run_address>
         <size>0x6e</size>
         <input_file_ref idref="fl-13"/>
      </object_component>
      <object_component id="oc-14f">
         <name>.debug_line</name>
         <load_address>0x1dee</load_address>
         <run_address>0x1dee</run_address>
         <size>0x6f</size>
         <input_file_ref idref="fl-13"/>
      </object_component>
      <object_component id="oc-155">
         <name>.debug_line</name>
         <load_address>0x1e5d</load_address>
         <run_address>0x1e5d</run_address>
         <size>0x6a</size>
         <input_file_ref idref="fl-13"/>
      </object_component>
      <object_component id="oc-14d">
         <name>.debug_line</name>
         <load_address>0x1ec7</load_address>
         <run_address>0x1ec7</run_address>
         <size>0x74</size>
         <input_file_ref idref="fl-13"/>
      </object_component>
      <object_component id="oc-2ad">
         <name>.debug_line</name>
         <load_address>0x1f3b</load_address>
         <run_address>0x1f3b</run_address>
         <size>0x55</size>
         <input_file_ref idref="fl-14"/>
      </object_component>
      <object_component id="oc-2ab">
         <name>.debug_line</name>
         <load_address>0x1f90</load_address>
         <run_address>0x1f90</run_address>
         <size>0x5b</size>
         <input_file_ref idref="fl-14"/>
      </object_component>
      <object_component id="oc-8d">
         <name>.debug_line</name>
         <load_address>0x1feb</load_address>
         <run_address>0x1feb</run_address>
         <size>0x70</size>
         <input_file_ref idref="fl-14"/>
      </object_component>
      <object_component id="oc-ba">
         <name>.debug_line</name>
         <load_address>0x205b</load_address>
         <run_address>0x205b</run_address>
         <size>0x99</size>
         <input_file_ref idref="fl-14"/>
      </object_component>
      <object_component id="oc-2c4">
         <name>.debug_line</name>
         <load_address>0x20f4</load_address>
         <run_address>0x20f4</run_address>
         <size>0x5b</size>
         <input_file_ref idref="fl-15"/>
      </object_component>
      <object_component id="oc-2e8">
         <name>.debug_line</name>
         <load_address>0x214f</load_address>
         <run_address>0x214f</run_address>
         <size>0x56</size>
         <input_file_ref idref="fl-15"/>
      </object_component>
      <object_component id="oc-d9">
         <name>.debug_line</name>
         <load_address>0x21a5</load_address>
         <run_address>0x21a5</run_address>
         <size>0x6b</size>
         <input_file_ref idref="fl-15"/>
      </object_component>
      <object_component id="oc-277">
         <name>.debug_line</name>
         <load_address>0x2210</load_address>
         <run_address>0x2210</run_address>
         <size>0x6e</size>
         <input_file_ref idref="fl-15"/>
      </object_component>
      <object_component id="oc-271">
         <name>.debug_line</name>
         <load_address>0x227e</load_address>
         <run_address>0x227e</run_address>
         <size>0xaf</size>
         <input_file_ref idref="fl-15"/>
      </object_component>
      <object_component id="oc-1e1">
         <name>.debug_line</name>
         <load_address>0x232d</load_address>
         <run_address>0x232d</run_address>
         <size>0x6c</size>
         <input_file_ref idref="fl-15"/>
      </object_component>
      <object_component id="oc-147">
         <name>.debug_line</name>
         <load_address>0x2399</load_address>
         <run_address>0x2399</run_address>
         <size>0x6c</size>
         <input_file_ref idref="fl-15"/>
      </object_component>
      <object_component id="oc-132">
         <name>.debug_line</name>
         <load_address>0x2405</load_address>
         <run_address>0x2405</run_address>
         <size>0x72</size>
         <input_file_ref idref="fl-15"/>
      </object_component>
      <object_component id="oc-169">
         <name>.debug_line</name>
         <load_address>0x2477</load_address>
         <run_address>0x2477</run_address>
         <size>0x6c</size>
         <input_file_ref idref="fl-15"/>
      </object_component>
      <object_component id="oc-206">
         <name>.debug_line</name>
         <load_address>0x24e3</load_address>
         <run_address>0x24e3</run_address>
         <size>0x6b</size>
         <input_file_ref idref="fl-15"/>
      </object_component>
      <object_component id="oc-13e">
         <name>.debug_line</name>
         <load_address>0x254e</load_address>
         <run_address>0x254e</run_address>
         <size>0x80</size>
         <input_file_ref idref="fl-15"/>
      </object_component>
      <object_component id="oc-73">
         <name>.debug_line</name>
         <load_address>0x25ce</load_address>
         <run_address>0x25ce</run_address>
         <size>0x6a</size>
         <input_file_ref idref="fl-16"/>
      </object_component>
      <object_component id="oc-7b">
         <name>.debug_line</name>
         <load_address>0x2638</load_address>
         <run_address>0x2638</run_address>
         <size>0x67</size>
         <input_file_ref idref="fl-16"/>
      </object_component>
      <object_component id="oc-1a3">
         <name>.debug_line</name>
         <load_address>0x269f</load_address>
         <run_address>0x269f</run_address>
         <size>0x6a</size>
         <input_file_ref idref="fl-17"/>
      </object_component>
      <object_component id="oc-2f0">
         <name>.debug_line</name>
         <load_address>0x2709</load_address>
         <run_address>0x2709</run_address>
         <size>0x5b</size>
         <input_file_ref idref="fl-18"/>
      </object_component>
      <object_component id="oc-17d">
         <name>.debug_line</name>
         <load_address>0x2764</load_address>
         <run_address>0x2764</run_address>
         <size>0x84</size>
         <input_file_ref idref="fl-18"/>
      </object_component>
      <object_component id="oc-183">
         <name>.debug_line</name>
         <load_address>0x27e8</load_address>
         <run_address>0x27e8</run_address>
         <size>0x6a</size>
         <input_file_ref idref="fl-18"/>
      </object_component>
      <object_component id="oc-171">
         <name>.debug_line</name>
         <load_address>0x2852</load_address>
         <run_address>0x2852</run_address>
         <size>0x6a</size>
         <input_file_ref idref="fl-18"/>
      </object_component>
      <object_component id="oc-19b">
         <name>.debug_line</name>
         <load_address>0x28bc</load_address>
[...]
      <symbol id="sm-4">
         <name>__TI_Handler_Table_Base</name>
         <value>0x1d98</value>
      </symbol>
      <symbol id="sm-5">
         <name>__TI_Handler_Table_Limit</name>
         <value>0x1da4</value>
      </symbol>
      <symbol id="sm-6">
         <name>binit</name>
         <value>0xffffffff</value>
      </symbol>
      <symbol id="sm-7">
         <name>__binit__</name>
         <value>0xffffffff</value>
      </symbol>
      <symbol id="sm-8">
         <name>__STACK_SIZE</name>
         <value>0x200</value>
      </symbol>
      <symbol id="sm-9">
         <name>__STACK_END</name>
         <value>0x20000200</value>
      </symbol>
      <symbol id="sm-a">
         <name>__c_args__</name>
         <value>0xffffffff</value>
      </symbol>
      <symbol id="sm-b">
         <name>__TI_pprof_out_hndl</name>
         <value>0xffffffff</value>
      </symbol>
      <symbol id="sm-c">
         <name>__TI_prof_data_start</name>
         <value>0xffffffff</value>
      </symbol>
      <symbol id="sm-d">
         <name>__TI_prof_data_size</name>
         <value>0xffffffff</value>
      </symbol>
      <symbol id="sm-4a">
         <name>GetADC</name>
         <value>0x14a3</value>
         <object_component_ref idref="oc-83"/>
      </symbol>
      <symbol id="sm-4b">
         <name>ConfigurarADC</name>
         <value>0x144d</value>
         <object_component_ref idref="oc-83"/>
      </symbol>
      <symbol id="sm-8e">
         <name>nrf</name>
         <value>0x20000200</value>
      </symbol>
      <symbol id="sm-8f">
         <name>send_time</name>
         <value>0x20000230</value>
         <object_component_ref idref="oc-e6"/>
      </symbol>
      <symbol id="sm-90">
         <name>addresses</name>
         <value>0x20000236</value>
         <object_component_ref idref="oc-e3"/>
      </symbol>
      <symbol id="sm-91">
         <name>Count_time</name>
         <value>0x2000022c</value>
         <object_component_ref idref="oc-e6"/>
      </symbol>
      <symbol id="sm-92">
         <name>main</name>
         <value>0xdcd</value>
         <object_component_ref idref="oc-2a"/>
      </symbol>
      <symbol id="sm-93">
         <name>condicao</name>
         <value>0x20000228</value>
         <object_component_ref idref="oc-e6"/>
      </symbol>
      <symbol id="sm-94">
         <name>tempo_passo</name>
         <value>0x20000234</value>
         <object_component_ref idref="oc-e6"/>
      </symbol>
      <symbol id="sm-95">
         <name>Timer0IntHandler</name>
         <value>0xeb1</value>
         <object_component_ref idref="oc-2a"/>
      </symbol>
      <symbol id="sm-118">
         <name>nrf24l01p_open_reading_pipe</name>
         <value>0x899</value>
         <object_component_ref idref="oc-c8"/>
      </symbol>
      <symbol id="sm-119">
         <name>nrf24l01p_start_fast_write</name>
         <value>0x3e9</value>
         <object_component_ref idref="oc-c8"/>
      </symbol>
      <symbol id="sm-11a">
         <name>nrf24l01p_read_register</name>
         <value>0x76d</value>
         <object_component_ref idref="oc-c8"/>
      </symbol>
      <symbol id="sm-11b">
         <name>nrf24l01p_read</name>
         <value>0x7cb</value>
         <object_component_ref idref="oc-c8"/>
      </symbol>
      <symbol id="sm-11c">
         <name>nrf24l01p_power_up</name>
         <value>0x4df</value>
         <object_component_ref idref="oc-c8"/>
      </symbol>
      <symbol id="sm-11d">
         <name>nrf24l01p_write_payload</name>
         <value>0x31b</value>
         <object_component_ref idref="oc-c8"/>
      </symbol>
      <symbol id="sm-11e">
         <name>nrf24l01p_write</name>
         <value>0x7f7</value>
         <object_component_ref idref="oc-c8"/>
      </symbol>
      <symbol id="sm-11f">
         <name>nrf24l01p_set_PA_level</name>
         <value>0xa43</value>
         <object_component_ref idref="oc-c8"/>
      </symbol>
      <symbol id="sm-120">
         <name>nrf24l01p_begin_transaction</name>
         <value>0x26d</value>
         <object_component_ref idref="oc-c8"/>
      </symbol>
      <symbol id="sm-121">
         <name>nrf24l01p_set_retries</name>
         <value>0xa9b</value>
         <object_component_ref idref="oc-c8"/>
      </symbol>
      <symbol id="sm-122">
         <name>nrf24l01p_setup</name>
         <value>0x559</value>
         <object_component_ref idref="oc-c8"/>
      </symbol>
      <symbol id="sm-123">
         <name>nrf24l01p_available</name>
         <value>0xa2b</value>
         <object_component_ref idref="oc-c8"/>
      </symbol>
      <symbol id="sm-124">
         <name>nrf24l01p_set_channel</name>
         <value>0xac7</value>
         <object_component_ref idref="oc-c8"/>
      </symbol>
      <symbol id="sm-125">
         <name>nrf24l01p_set_data_rate</name>
         <value>0xb1d</value>
         <object_component_ref idref="oc-c8"/>
      </symbol>
      <symbol id="sm-126">
         <name>nrf24l01p_stop_listening</name>
         <value>0x9b5</value>
         <object_component_ref idref="oc-c8"/>
      </symbol>
      <symbol id="sm-127">
         <name>nrf24l01p_flush_rx</name>
         <value>0x2b7</value>
         <object_component_ref idref="oc-c8"/>
      </symbol>
      <symbol id="sm-128">
         <name>nrf24l01p_toggle_features</name>
         <value>0xba9</value>
         <object_component_ref idref="oc-c8"/>
      </symbol>
      <symbol id="sm-129">
         <name>nrf24l01p_flush_tx</name>
         <value>0x2e9</value>
         <object_component_ref idref="oc-c8"/>
      </symbol>
      <symbol id="sm-12a">
         <name>nrf24l01p_read_payload</name>
         <value>0x41d</value>
         <object_component_ref idref="oc-c8"/>
      </symbol>
      <symbol id="sm-12b">
         <name>nrf24l01p_end_transaction</name>
         <value>0x28b</value>
         <object_component_ref idref="oc-c8"/>
      </symbol>
      <symbol id="sm-12c">
         <name>nrf24l01p_write_buffer</name>
         <value>0x703</value>
         <object_component_ref idref="oc-c8"/>
      </symbol>
      <symbol id="sm-12d">
         <name>nrf24l01p_write_register</name>
         <value>0x6af</value>
         <object_component_ref idref="oc-c8"/>
      </symbol>
      <symbol id="sm-12e">
         <name>nrf24l01p_close_reading_pipe</name>
         <value>0x925</value>
         <object_component_ref idref="oc-c8"/>
      </symbol>
      <symbol id="sm-12f">
         <name>nrf24l01p_open_writing_pipe</name>
         <value>0x847</value>
         <object_component_ref idref="oc-c8"/>
      </symbol>
      <symbol id="sm-130">
         <name>nrf24l01p_ce</name>
         <value>0x515</value>
         <object_component_ref idref="oc-c8"/>
      </symbol>
      <symbol id="sm-131">
         <name>nrf24l01p_get_status</name>
         <value>0x545</value>
         <object_component_ref idref="oc-c8"/>
      </symbol>
      <symbol id="sm-132">
         <name>nrf24l01p_start_listening</name>
         <value>0x951</value>
         <object_component_ref idref="oc-c8"/>
      </symbol>
      <symbol id="sm-159">
         <name>cap</name>
         <value>0x20000225</value>
      </symbol>
      <symbol id="sm-15a">
         <name>ang</name>
         <value>0x20000224</value>
      </symbol>
      <symbol id="sm-15b">
         <name>GetComando</name>
         <value>0xbdd</value>
         <object_component_ref idref="oc-ce"/>
      </symbol>
      <symbol id="sm-15c">
         <name>angulacao</name>
         <value>0xca7</value>
         <object_component_ref idref="oc-ce"/>
      </symbol>
      <symbol id="sm-15d">
         <name>CarregarCapacitor</name>
         <value>0xcc7</value>
         <object_component_ref idref="oc-ce"/>
      </symbol>
      <symbol id="sm-15e">
         <name>send_dados</name>
         <value>0xd67</value>
         <object_component_ref idref="oc-ce"/>
      </symbol>
      <symbol id="sm-15f">
         <name>locomocao</name>
         <value>0xcb3</value>
         <object_component_ref idref="oc-ce"/>
      </symbol>
      <symbol id="sm-160">
         <name>chute</name>
         <value>0xd39</value>
         <object_component_ref idref="oc-ce"/>
      </symbol>
      <symbol id="sm-177">
         <name>setup_pwm</name>
         <value>0x139d</value>
         <object_component_ref idref="oc-7d"/>
      </symbol>
      <symbol id="sm-178">
         <name>led_pin_config</name>
         <value>0x1391</value>
         <object_component_ref idref="oc-7d"/>
      </symbol>
      <symbol id="sm-179">
         <name>setup</name>
         <value>0x1381</value>
         <object_component_ref idref="oc-7d"/>
      </symbol>
      <symbol id="sm-17a">
         <name>setup_serial</name>
         <value>0x13eb</value>
         <object_component_ref idref="oc-7d"/>
      </symbol>
      <symbol id="sm-19c">
         <name>ResetISR</name>
         <value>0x1b9d</value>
         <object_component_ref idref="oc-24"/>
      </symbol>
      <symbol id="sm-19d">
         <name>g_pfnVectors</name>
         <value>0x0</value>
         <object_component_ref idref="oc-f"/>
      </symbol>
      <symbol id="sm-1ca">
         <name>UARTConfigSetExpClk</name>
         <value>0x1857</value>
         <object_component_ref idref="oc-160"/>
      </symbol>
      <symbol id="sm-1cb">
         <name>UARTDisable</name>
         <value>0x1a15</value>
         <object_component_ref idref="oc-284"/>
      </symbol>
      <symbol id="sm-1cc">
         <name>UARTEnable</name>
         <value>0x1a91</value>
         <object_component_ref idref="oc-28a"/>
      </symbol>
      <symbol id="sm-1ff">
         <name>TimerLoadSet</name>
         <value>0x1aff</value>
         <object_component_ref idref="oc-b0"/>
      </symbol>
      <symbol id="sm-200">
         <name>TimerEnable</name>
         <value>0x1b5d</value>
         <object_component_ref idref="oc-c2"/>
      </symbol>
      <symbol id="sm-201">
         <name>TimerIntEnable</name>
         <value>0x1bd9</value>
         <object_component_ref idref="oc-bc"/>
      </symbol>
      <symbol id="sm-202">
         <name>TimerConfigure</name>
         <value>0x16e9</value>
         <object_component_ref idref="oc-95"/>
      </symbol>
      <symbol id="sm-203">
         <name>TimerIntClear</name>
         <value>0x1bf3</value>
         <object_component_ref idref="oc-da"/>
      </symbol>
      <symbol id="sm-268">
         <name>SysCtlClockSet</name>
         <value>0x1291</value>
         <object_component_ref idref="oc-12a"/>
      </symbol>
      <symbol id="sm-269">
         <name>SysCtlDelay</name>
         <value>0x1bed</value>
         <object_component_ref idref="oc-1db"/>
      </symbol>
      <symbol id="sm-26a">
         <name>SysCtlPeripheralEnable</name>
         <value>0x18d5</value>
         <object_component_ref idref="oc-8f"/>
      </symbol>
      <symbol id="sm-26b">
         <name>SysCtlClockGet</name>
         <value>0x107d</value>
         <object_component_ref idref="oc-9b"/>
      </symbol>
      <symbol id="sm-26c">
         <name>SysCtlPWMClockSet</name>
         <value>0x1a7d</value>
         <object_component_ref idref="oc-136"/>
      </symbol>
      <symbol id="sm-2ac">
         <name>SSIDataPut</name>
         <value>0x1bbd</value>
         <object_component_ref idref="oc-1c9"/>
      </symbol>
      <symbol id="sm-2ad">
         <name>SSIDataGet</name>
         <value>0x1b91</value>
         <object_component_ref idref="oc-1cf"/>
      </symbol>
      <symbol id="sm-2ae">
         <name>SSIDataGetNonBlocking</name>
         <value>0x1aed</value>
         <object_component_ref idref="oc-1d5"/>
      </symbol>
      <symbol id="sm-2af">
         <name>SSIConfigSetExpClk</name>
         <value>0x1815</value>
         <object_component_ref idref="oc-1e2"/>
      </symbol>
      <symbol id="sm-2b0">
         <name>SSIEnable</name>
         <value>0x1bc7</value>
         <object_component_ref idref="oc-1e8"/>
      </symbol>
      <symbol id="sm-2b1">
         <name>SSIBusy</name>
         <value>0x1bd1</value>
         <object_component_ref idref="oc-1c3"/>
      </symbol>
      <symbol id="sm-2de">
         <name>PWMGenPeriodSet</name>
         <value>0x1b31</value>
         <object_component_ref idref="oc-14e"/>
      </symbol>
      <symbol id="sm-2df">
         <name>PWMPulseWidthSet</name>
         <value>0x19f5</value>
         <object_component_ref idref="oc-1fe"/>
      </symbol>
      <symbol id="sm-2e0">
         <name>PWMOutputState</name>
         <value>0x1adb</value>
         <object_component_ref idref="oc-15a"/>
      </symbol>
      <symbol id="sm-2e1">
         <name>PWMGenEnable</name>
         <value>0x1b85</value>
         <object_component_ref idref="oc-154"/>
      </symbol>
      <symbol id="sm-2e2">
         <name>PWMGenConfigure</name>
         <value>0x1995</value>
         <object_component_ref idref="oc-148"/>
      </symbol>
      <symbol id="sm-310">
         <name>IntEnable</name>
         <value>0x1689</value>
         <object_component_ref idref="oc-b6"/>
      </symbol>
      <symbol id="sm-311">
         <name>IntMasterEnable</name>
         <value>0x1bb3</value>
         <object_component_ref idref="oc-89"/>
      </symbol>
      <symbol id="sm-371">
         <name>GPIOPinTypePWM</name>
         <value>0x1ab7</value>
         <object_component_ref idref="oc-142"/>
      </symbol>
      <symbol id="sm-372">
         <name>GPIOPinConfigure</name>
         <value>0x1745</value>
         <object_component_ref idref="oc-13c"/>
      </symbol>
      <symbol id="sm-373">
         <name>GPIOPinTypeADC</name>
         <value>0x1aa5</value>
         <object_component_ref idref="oc-167"/>
      </symbol>
      <symbol id="sm-374">
         <name>GPIOPinTypeGPIOOutput</name>
         <value>0x1a4d</value>
         <object_component_ref idref="oc-130"/>
      </symbol>
      <symbol id="sm-375">
         <name>GPIOPinRead</name>
         <value>0x1be1</value>
         <object_component_ref idref="oc-204"/>
      </symbol>
      <symbol id="sm-376">
         <name>GPIODirModeSet</name>
         <value>0x196b</value>
         <object_component_ref idref="oc-272"/>
      </symbol>
      <symbol id="sm-377">
         <name>GPIOPinWrite</name>
         <value>0x1be7</value>
         <object_component_ref idref="oc-d4"/>
      </symbol>
      <symbol id="sm-378">
         <name>GPIOPadConfigSet</name>
         <value>0xf4d</value>
         <object_component_ref idref="oc-26c"/>
      </symbol>
      <symbol id="sm-379">
         <name>GPIOPinTypeSSI</name>
         <value>0x1ac9</value>
         <object_component_ref idref="oc-1dc"/>
      </symbol>
      <symbol id="sm-38f">
         <name>FPULazyStackingEnable</name>
         <value>0x1b21</value>
         <object_component_ref idref="oc-71"/>
      </symbol>
      <symbol id="sm-390">
         <name>FPUEnable</name>
         <value>0x1b11</value>
         <object_component_ref idref="oc-77"/>
      </symbol>
      <symbol id="sm-39a">
         <name>CPUcpsie</name>
         <value>0x1b79</value>
         <object_component_ref idref="oc-19f"/>
      </symbol>
      <symbol id="sm-3ec">
         <name>ADCProcessorTrigger</name>
         <value>0x1a65</value>
         <object_component_ref idref="oc-18b"/>
      </symbol>
      <symbol id="sm-3ed">
         <name>ADCSequenceEnable</name>
         <value>0x1b4f</value>
         <object_component_ref idref="oc-17f"/>
      </symbol>
      <symbol id="sm-3ee">
         <name>ADCSequenceConfigure</name>
         <value>0x1897</value>
         <object_component_ref idref="oc-173"/>
      </symbol>
      <symbol id="sm-3ef">
         <name>ADCSequenceStepConfigure</name>
         <value>0x15a1</value>
         <object_component_ref idref="oc-179"/>
      </symbol>
      <symbol id="sm-3f0">
         <name>ADCIntClear</name>
         <value>0x1ba9</value>
         <object_component_ref idref="oc-185"/>
      </symbol>
      <symbol id="sm-3f1">
         <name>ADCIntStatus</name>
         <value>0x193d</value>
         <object_component_ref idref="oc-191"/>
      </symbol>
      <symbol id="sm-3f2">
         <name>ADCSequenceDisable</name>
         <value>0x1b41</value>
         <object_component_ref idref="oc-16d"/>
      </symbol>
      <symbol id="sm-3f3">
         <name>ADCSequenceDataGet</name>
         <value>0x19d7</value>
         <object_component_ref idref="oc-197"/>
      </symbol>
      <symbol id="sm-3fe">
         <name>__aeabi_dmul</name>
         <value>0x1195</value>
         <object_component_ref idref="oc-a6"/>
      </symbol>
      <symbol id="sm-408">
         <name>__aeabi_d2uiz</name>
         <value>0x17d1</value>
         <object_component_ref idref="oc-ab"/>
      </symbol>
      <symbol id="sm-423">
         <name>memcpy</name>
         <value>0x1505</value>
         <object_component_ref idref="oc-3e"/>
      </symbol>
      <symbol id="sm-424">
         <name>__aeabi_memcpy</name>
         <value>0x1505</value>
         <object_component_ref idref="oc-3e"/>
      </symbol>
      <symbol id="sm-425">
         <name>__aeabi_memcpy8</name>
         <value>0x1505</value>
         <object_component_ref idref="oc-3e"/>
      </symbol>
      <symbol id="sm-426">
         <name>__aeabi_memcpy4</name>
         <value>0x1505</value>
         <object_component_ref idref="oc-3e"/>
      </symbol>
      <symbol id="sm-430">
         <name>__aeabi_ui2d</name>
         <value>0x19b7</value>
         <object_component_ref idref="oc-a1"/>
      </symbol>
      <symbol id="sm-449">
         <name>__TI_zero_init_nomemset</name>
         <value>0x1a31</value>
         <object_component_ref idref="oc-4a"/>
      </symbol>
      <symbol id="sm-460">
         <name>__TI_decompress_none</name>
         <value>0x1b6b</value>
         <object_component_ref idref="oc-18"/>
      </symbol>
      <symbol id="sm-483">
         <name>__TI_decompress_lzss</name>
         <value>0x1621</value>
         <object_component_ref idref="oc-12"/>
      </symbol>
      <symbol id="sm-496">
         <name>__stack</name>
         <value>0x20000000</value>
         <object_component_ref idref="oc-21"/>
      </symbol>
      <symbol id="sm-497">
         <name>_c_int00_noargs</name>
         <value>0x1909</value>
         <object_component_ref idref="oc-5c"/>
      </symbol>
      <symbol id="sm-4c0">
         <name>__TI_auto_init_nobinit_nopinit</name>
         <value>0x178d</value>
         <object_component_ref idref="oc-239"/>
      </symbol>
      <symbol id="sm-4ca">
         <name>_system_pre_init</name>
         <value>0x1bf7</value>
         <object_component_ref idref="oc-116"/>
      </symbol>
      <symbol id="sm-4d6">
         <name>C$$EXIT</name>
         <value>0x1bfb</value>
         <object_component_ref idref="oc-22d"/>
      </symbol>
      <symbol id="sm-4d7">
         <name>abort</name>
         <value>0x1bfb</value>
         <object_component_ref idref="oc-22d"/>
      </symbol>
      <symbol id="sm-4da">
         <name>__TI_static_base__</name>
         <value>0x0</value>
      </symbol>
      <symbol id="sm-4dd">
         <name>__mpu_init</name>
         <value>0x0</value>
      </symbol>
      <symbol id="sm-4de">
         <name>_system_post_cinit</name>
         <value>0x0</value>
      </symbol>
   </symbol_table>
   <title>Link successful</title>
</link_info>
